Terminals unused in grammar

    ARROW
    RESERVED


State 56 conflicts: 1 shift/reduce
State 58 conflicts: 1 shift/reduce


Grammar

    0 $accept: program $end

    1 program: CLASS IDENTIFIER LBRACE classMembers RBRACE

    2 methodDecl: PUBLIC STATIC methodHeader methodBody

    3 fieldDecl: PUBLIC STATIC type IDENTIFIER fieldDeclarations SEMICOLON
    4          | error SEMICOLON

    5 fieldDeclarations: fieldDeclarations COMMA IDENTIFIER
    6                  | ε

    7 type: BOOL
    8     | INT
    9     | DOUBLE

   10 classMembers: classMembers classMember
   11             | ε

   12 classMember: methodDecl
   13            | fieldDecl
   14            | SEMICOLON

   15 methodHeader: type IDENTIFIER LPAR formalParams RPAR
   16             | VOID IDENTIFIER LPAR formalParams RPAR

   17 formalParams: type IDENTIFIER formalParamsList
   18             | STRING LSQ RSQ IDENTIFIER
   19             | ε

   20 formalParamsList: formalParamsList COMMA type IDENTIFIER
   21                 | ε

   22 methodBody: LBRACE methodBodyItems RBRACE

   23 methodBodyItems: methodBodyItems statement
   24                | methodBodyItems varDecl
   25                | ε

   26 varDecl: type IDENTIFIER idList SEMICOLON

   27 idList: idList COMMA IDENTIFIER
   28       | ε

   29 statement: LBRACE statementList RBRACE
   30          | IF LPAR expr RPAR statement
   31          | IF LPAR expr RPAR statement ELSE statement
   32          | WHILE LPAR expr RPAR statement
   33          | RETURN SEMICOLON
   34          | RETURN expr SEMICOLON
   35          | methodInvocation SEMICOLON
   36          | assignmentExpr SEMICOLON
   37          | parseArgs SEMICOLON
   38          | PRINT LPAR expr RPAR SEMICOLON
   39          | PRINT LPAR STRLIT RPAR SEMICOLON
   40          | SEMICOLON
   41          | error SEMICOLON

   42 statementList: statementList statement
   43              | ε

   44 methodInvocation: IDENTIFIER LPAR arguments RPAR
   45                 | IDENTIFIER LPAR error RPAR

   46 arguments: exprList
   47          | ε

   48 exprList: expr
   49         | exprList COMMA expr

   50 assignmentExpr: IDENTIFIER ASSIGN assignmentExpr
   51               | orExpr

   52 parseArgs: PARSEINT LPAR IDENTIFIER LSQ expr RSQ RPAR
   53          | PARSEINT LPAR error RPAR

   54 expr: assignmentExpr

   55 orExpr: orExpr OR andExpr
   56       | andExpr

   57 andExpr: andExpr AND xorExpr
   58        | xorExpr

   59 xorExpr: xorExpr XOR eqExpr
   60        | eqExpr

   61 eqExpr: eqExpr EQ relExpr
   62       | eqExpr NE relExpr
   63       | relExpr

   64 relExpr: relExpr LT shiftExpr
   65        | relExpr LE shiftExpr
   66        | relExpr GT shiftExpr
   67        | relExpr GE shiftExpr
   68        | shiftExpr

   69 shiftExpr: shiftExpr LSHIFT addExpr
   70          | shiftExpr RSHIFT addExpr
   71          | addExpr

   72 addExpr: addExpr PLUS mulExpr
   73        | addExpr MINUS mulExpr
   74        | mulExpr

   75 mulExpr: mulExpr STAR unaryExpr
   76        | mulExpr DIV unaryExpr
   77        | mulExpr MOD unaryExpr
   78        | unaryExpr

   79 unaryExpr: NOT unaryExpr
   80          | MINUS unaryExpr
   81          | PLUS unaryExpr
   82          | primary

   83 primary: LPAR expr RPAR
   84        | LPAR error RPAR
   85        | methodInvocation
   86        | parseArgs
   87        | IDENTIFIER
   88        | IDENTIFIER DOTLENGTH
   89        | NATURAL
   90        | DECIMAL
   91        | BOOLLIT


Terminals, with rules where they appear

    $end (0) 0
    error (256) 4 41 45 53 84
    IDENTIFIER <lexeme> (258) 1 3 5 15 16 17 18 20 26 27 44 45 50 52 87 88
    NATURAL <lexeme> (259) 89
    DECIMAL <lexeme> (260) 90
    STRLIT <lexeme> (261) 39
    BOOLLIT <lexeme> (262) 91
    BOOL (263) 7
    INT (264) 8
    DOUBLE (265) 9
    STRING (266) 18
    VOID (267) 16
    CLASS (268) 1
    PUBLIC (269) 2 3
    STATIC (270) 2 3
    RETURN (271) 33 34
    IF (272) 30 31
    ELSE (273) 31
    WHILE (274) 32
    PRINT (275) 38 39
    PARSEINT (276) 52 53
    DOTLENGTH (277) 88
    PLUS (278) 72 81
    MINUS (279) 73 80
    STAR (280) 75
    DIV (281) 76
    MOD (282) 77
    EQ (283) 61
    NE (284) 62
    LT (285) 64
    LE (286) 65
    GT (287) 66
    GE (288) 67
    AND (289) 57
    OR (290) 55
    NOT (291) 79
    XOR (292) 59
    LSHIFT (293) 69
    RSHIFT (294) 70
    ASSIGN (295) 50
    COMMA (296) 5 20 27 49
    SEMICOLON (297) 3 4 14 26 33 34 35 36 37 38 39 40 41
    ARROW (298)
    LBRACE (299) 1 22 29
    RBRACE (300) 1 22 29
    LPAR (301) 15 16 30 31 32 38 39 44 45 52 53 83 84
    RPAR (302) 15 16 30 31 32 38 39 44 45 52 53 83 84
    LSQ (303) 18 52
    RSQ (304) 18 52
    RESERVED (305)
    IFX (306)
    UMINUS (307)


Nonterminals, with rules where they appear

    $accept (53)
        on left: 0
    program <node> (54)
        on left: 1
        on right: 0
    methodDecl <node> (55)
        on left: 2
        on right: 12
    fieldDecl <node> (56)
        on left: 3 4
        on right: 13
    fieldDeclarations <node> (57)
        on left: 5 6
        on right: 3 5
    type <node> (58)
        on left: 7 8 9
        on right: 3 15 17 20 26
    classMembers <node> (59)
        on left: 10 11
        on right: 1 10
    classMember <node> (60)
        on left: 12 13 14
        on right: 10
    methodHeader <node> (61)
        on left: 15 16
        on right: 2
    formalParams <node> (62)
        on left: 17 18 19
        on right: 15 16
    formalParamsList <node> (63)
        on left: 20 21
        on right: 17 20
    methodBody <node> (64)
        on left: 22
        on right: 2
    methodBodyItems <node> (65)
        on left: 23 24 25
        on right: 22 23 24
    varDecl <node> (66)
        on left: 26
        on right: 24
    idList <node> (67)
        on left: 27 28
        on right: 26 27
    statement <node> (68)
        on left: 29 30 31 32 33 34 35 36 37 38 39 40 41
        on right: 23 30 31 32 42
    statementList <node> (69)
        on left: 42 43
        on right: 29 42
    methodInvocation <node> (70)
        on left: 44 45
        on right: 35 85
    arguments <node> (71)
        on left: 46 47
        on right: 44
    exprList <node> (72)
        on left: 48 49
        on right: 46 49
    assignmentExpr <node> (73)
        on left: 50 51
        on right: 36 50 54
    parseArgs <node> (74)
        on left: 52 53
        on right: 37 86
    expr <node> (75)
        on left: 54
        on right: 30 31 32 34 38 48 49 52 83
    orExpr <node> (76)
        on left: 55 56
        on right: 51 55
    andExpr <node> (77)
        on left: 57 58
        on right: 55 56 57
    xorExpr <node> (78)
        on left: 59 60
        on right: 57 58 59
    eqExpr <node> (79)
        on left: 61 62 63
        on right: 59 60 61 62
    relExpr <node> (80)
        on left: 64 65 66 67 68
        on right: 61 62 63 64 65 66 67
    shiftExpr <node> (81)
        on left: 69 70 71
        on right: 64 65 66 67 68 69 70
    addExpr <node> (82)
        on left: 72 73 74
        on right: 69 70 71 72 73
    mulExpr <node> (83)
        on left: 75 76 77 78
        on right: 72 73 74 75 76 77
    unaryExpr <node> (84)
        on left: 79 80 81 82
        on right: 75 76 77 78 79 80 81
    primary <node> (85)
        on left: 83 84 85 86 87 88 89 90 91
        on right: 82


State 0

    0 $accept: • program $end

    CLASS  shift, and go to state 1

    program  go to state 2


State 1

    1 program: CLASS • IDENTIFIER LBRACE classMembers RBRACE

    IDENTIFIER  shift, and go to state 3


State 2

    0 $accept: program • $end

    $end  shift, and go to state 4


State 3

    1 program: CLASS IDENTIFIER • LBRACE classMembers RBRACE

    LBRACE  shift, and go to state 5


State 4

    0 $accept: program $end •

    $default  accept


State 5

    1 program: CLASS IDENTIFIER LBRACE • classMembers RBRACE

    $default  reduce using rule 11 (classMembers)

    classMembers  go to state 6


State 6

    1 program: CLASS IDENTIFIER LBRACE classMembers • RBRACE
   10 classMembers: classMembers • classMember

    error      shift, and go to state 7
    PUBLIC     shift, and go to state 8
    SEMICOLON  shift, and go to state 9
    RBRACE     shift, and go to state 10

    methodDecl   go to state 11
    fieldDecl    go to state 12
    classMember  go to state 13


State 7

    4 fieldDecl: error • SEMICOLON

    SEMICOLON  shift, and go to state 14


State 8

    2 methodDecl: PUBLIC • STATIC methodHeader methodBody
    3 fieldDecl: PUBLIC • STATIC type IDENTIFIER fieldDeclarations SEMICOLON

    STATIC  shift, and go to state 15


State 9

   14 classMember: SEMICOLON •

    $default  reduce using rule 14 (classMember)


State 10

    1 program: CLASS IDENTIFIER LBRACE classMembers RBRACE •

    $default  reduce using rule 1 (program)


State 11

   12 classMember: methodDecl •

    $default  reduce using rule 12 (classMember)


State 12

   13 classMember: fieldDecl •

    $default  reduce using rule 13 (classMember)


State 13

   10 classMembers: classMembers classMember •

    $default  reduce using rule 10 (classMembers)


State 14

    4 fieldDecl: error SEMICOLON •

    $default  reduce using rule 4 (fieldDecl)


State 15

    2 methodDecl: PUBLIC STATIC • methodHeader methodBody
    3 fieldDecl: PUBLIC STATIC • type IDENTIFIER fieldDeclarations SEMICOLON

    BOOL    shift, and go to state 16
    INT     shift, and go to state 17
    DOUBLE  shift, and go to state 18
    VOID    shift, and go to state 19

    type          go to state 20
    methodHeader  go to state 21


State 16

    7 type: BOOL •

    $default  reduce using rule 7 (type)


State 17

    8 type: INT •

    $default  reduce using rule 8 (type)


State 18

    9 type: DOUBLE •

    $default  reduce using rule 9 (type)


State 19

   16 methodHeader: VOID • IDENTIFIER LPAR formalParams RPAR

    IDENTIFIER  shift, and go to state 22


State 20

    3 fieldDecl: PUBLIC STATIC type • IDENTIFIER fieldDeclarations SEMICOLON
   15 methodHeader: type • IDENTIFIER LPAR formalParams RPAR

    IDENTIFIER  shift, and go to state 23


State 21

    2 methodDecl: PUBLIC STATIC methodHeader • methodBody

    LBRACE  shift, and go to state 24

    methodBody  go to state 25


State 22

   16 methodHeader: VOID IDENTIFIER • LPAR formalParams RPAR

    LPAR  shift, and go to state 26


State 23

    3 fieldDecl: PUBLIC STATIC type IDENTIFIER • fieldDeclarations SEMICOLON
   15 methodHeader: type IDENTIFIER • LPAR formalParams RPAR

    LPAR  shift, and go to state 27

    $default  reduce using rule 6 (fieldDeclarations)

    fieldDeclarations  go to state 28


State 24

   22 methodBody: LBRACE • methodBodyItems RBRACE

    $default  reduce using rule 25 (methodBodyItems)

    methodBodyItems  go to state 29


State 25

    2 methodDecl: PUBLIC STATIC methodHeader methodBody •

    $default  reduce using rule 2 (methodDecl)


State 26

   16 methodHeader: VOID IDENTIFIER LPAR • formalParams RPAR

    BOOL    shift, and go to state 16
    INT     shift, and go to state 17
    DOUBLE  shift, and go to state 18
    STRING  shift, and go to state 30

    $default  reduce using rule 19 (formalParams)

    type          go to state 31
    formalParams  go to state 32


State 27

   15 methodHeader: type IDENTIFIER LPAR • formalParams RPAR

    BOOL    shift, and go to state 16
    INT     shift, and go to state 17
    DOUBLE  shift, and go to state 18
    STRING  shift, and go to state 30

    $default  reduce using rule 19 (formalParams)

    type          go to state 31
    formalParams  go to state 33


State 28

    3 fieldDecl: PUBLIC STATIC type IDENTIFIER fieldDeclarations • SEMICOLON
    5 fieldDeclarations: fieldDeclarations • COMMA IDENTIFIER

    COMMA      shift, and go to state 34
    SEMICOLON  shift, and go to state 35


State 29

   22 methodBody: LBRACE methodBodyItems • RBRACE
   23 methodBodyItems: methodBodyItems • statement
   24                | methodBodyItems • varDecl

    error       shift, and go to state 36
    IDENTIFIER  shift, and go to state 37
    NATURAL     shift, and go to state 38
    DECIMAL     shift, and go to state 39
    BOOLLIT     shift, and go to state 40
    BOOL        shift, and go to state 16
    INT         shift, and go to state 17
    DOUBLE      shift, and go to state 18
    RETURN      shift, and go to state 41
    IF          shift, and go to state 42
    WHILE       shift, and go to state 43
    PRINT       shift, and go to state 44
    PARSEINT    shift, and go to state 45
    PLUS        shift, and go to state 46
    MINUS       shift, and go to state 47
    NOT         shift, and go to state 48
    SEMICOLON   shift, and go to state 49
    LBRACE      shift, and go to state 50
    RBRACE      shift, and go to state 51
    LPAR        shift, and go to state 52

    type              go to state 53
    varDecl           go to state 54
    statement         go to state 55
    methodInvocation  go to state 56
    assignmentExpr    go to state 57
    parseArgs         go to state 58
    orExpr            go to state 59
    andExpr           go to state 60
    xorExpr           go to state 61
    eqExpr            go to state 62
    relExpr           go to state 63
    shiftExpr         go to state 64
    addExpr           go to state 65
    mulExpr           go to state 66
    unaryExpr         go to state 67
    primary           go to state 68


State 30

   18 formalParams: STRING • LSQ RSQ IDENTIFIER

    LSQ  shift, and go to state 69


State 31

   17 formalParams: type • IDENTIFIER formalParamsList

    IDENTIFIER  shift, and go to state 70


State 32

   16 methodHeader: VOID IDENTIFIER LPAR formalParams • RPAR

    RPAR  shift, and go to state 71


State 33

   15 methodHeader: type IDENTIFIER LPAR formalParams • RPAR

    RPAR  shift, and go to state 72


State 34

    5 fieldDeclarations: fieldDeclarations COMMA • IDENTIFIER

    IDENTIFIER  shift, and go to state 73


State 35

    3 fieldDecl: PUBLIC STATIC type IDENTIFIER fieldDeclarations SEMICOLON •

    $default  reduce using rule 3 (fieldDecl)


State 36

   41 statement: error • SEMICOLON

    SEMICOLON  shift, and go to state 74


State 37

   44 methodInvocation: IDENTIFIER • LPAR arguments RPAR
   45                 | IDENTIFIER • LPAR error RPAR
   50 assignmentExpr: IDENTIFIER • ASSIGN assignmentExpr
   87 primary: IDENTIFIER •
   88        | IDENTIFIER • DOTLENGTH

    DOTLENGTH  shift, and go to state 75
    ASSIGN     shift, and go to state 76
    LPAR       shift, and go to state 77

    $default  reduce using rule 87 (primary)


State 38

   89 primary: NATURAL •

    $default  reduce using rule 89 (primary)


State 39

   90 primary: DECIMAL •

    $default  reduce using rule 90 (primary)


State 40

   91 primary: BOOLLIT •

    $default  reduce using rule 91 (primary)


State 41

   33 statement: RETURN • SEMICOLON
   34          | RETURN • expr SEMICOLON

    IDENTIFIER  shift, and go to state 37
    NATURAL     shift, and go to state 38
    DECIMAL     shift, and go to state 39
    BOOLLIT     shift, and go to state 40
    PARSEINT    shift, and go to state 45
    PLUS        shift, and go to state 46
    MINUS       shift, and go to state 47
    NOT         shift, and go to state 48
    SEMICOLON   shift, and go to state 78
    LPAR        shift, and go to state 52

    methodInvocation  go to state 79
    assignmentExpr    go to state 80
    parseArgs         go to state 81
    expr              go to state 82
    orExpr            go to state 59
    andExpr           go to state 60
    xorExpr           go to state 61
    eqExpr            go to state 62
    relExpr           go to state 63
    shiftExpr         go to state 64
    addExpr           go to state 65
    mulExpr           go to state 66
    unaryExpr         go to state 67
    primary           go to state 68


State 42

   30 statement: IF • LPAR expr RPAR statement
   31          | IF • LPAR expr RPAR statement ELSE statement

    LPAR  shift, and go to state 83


State 43

   32 statement: WHILE • LPAR expr RPAR statement

    LPAR  shift, and go to state 84


State 44

   38 statement: PRINT • LPAR expr RPAR SEMICOLON
   39          | PRINT • LPAR STRLIT RPAR SEMICOLON

    LPAR  shift, and go to state 85


State 45

   52 parseArgs: PARSEINT • LPAR IDENTIFIER LSQ expr RSQ RPAR
   53          | PARSEINT • LPAR error RPAR

    LPAR  shift, and go to state 86


State 46

   81 unaryExpr: PLUS • unaryExpr

    IDENTIFIER  shift, and go to state 87
    NATURAL     shift, and go to state 38
    DECIMAL     shift, and go to state 39
    BOOLLIT     shift, and go to state 40
    PARSEINT    shift, and go to state 45
    PLUS        shift, and go to state 46
    MINUS       shift, and go to state 47
    NOT         shift, and go to state 48
    LPAR        shift, and go to state 52

    methodInvocation  go to state 79
    parseArgs         go to state 81
    unaryExpr         go to state 88
    primary           go to state 68


State 47

   80 unaryExpr: MINUS • unaryExpr

    IDENTIFIER  shift, and go to state 87
    NATURAL     shift, and go to state 38
    DECIMAL     shift, and go to state 39
    BOOLLIT     shift, and go to state 40
    PARSEINT    shift, and go to state 45
    PLUS        shift, and go to state 46
    MINUS       shift, and go to state 47
    NOT         shift, and go to state 48
    LPAR        shift, and go to state 52

    methodInvocation  go to state 79
    parseArgs         go to state 81
    unaryExpr         go to state 89
    primary           go to state 68


State 48

   79 unaryExpr: NOT • unaryExpr

    IDENTIFIER  shift, and go to state 87
    NATURAL     shift, and go to state 38
    DECIMAL     shift, and go to state 39
    BOOLLIT     shift, and go to state 40
    PARSEINT    shift, and go to state 45
    PLUS        shift, and go to state 46
    MINUS       shift, and go to state 47
    NOT         shift, and go to state 48
    LPAR        shift, and go to state 52

    methodInvocation  go to state 79
    parseArgs         go to state 81
    unaryExpr         go to state 90
    primary           go to state 68


State 49

   40 statement: SEMICOLON •

    $default  reduce using rule 40 (statement)


State 50

   29 statement: LBRACE • statementList RBRACE

    $default  reduce using rule 43 (statementList)

    statementList  go to state 91


State 51

   22 methodBody: LBRACE methodBodyItems RBRACE •

    $default  reduce using rule 22 (methodBody)


State 52

   83 primary: LPAR • expr RPAR
   84        | LPAR • error RPAR

    error       shift, and go to state 92
    IDENTIFIER  shift, and go to state 37
    NATURAL     shift, and go to state 38
    DECIMAL     shift, and go to state 39
    BOOLLIT     shift, and go to state 40
    PARSEINT    shift, and go to state 45
    PLUS        shift, and go to state 46
    MINUS       shift, and go to state 47
    NOT         shift, and go to state 48
    LPAR        shift, and go to state 52

    methodInvocation  go to state 79
    assignmentExpr    go to state 80
    parseArgs         go to state 81
    expr              go to state 93
    orExpr            go to state 59
    andExpr           go to state 60
    xorExpr           go to state 61
    eqExpr            go to state 62
    relExpr           go to state 63
    shiftExpr         go to state 64
    addExpr           go to state 65
    mulExpr           go to state 66
    unaryExpr         go to state 67
    primary           go to state 68


State 53

   26 varDecl: type • IDENTIFIER idList SEMICOLON

    IDENTIFIER  shift, and go to state 94


State 54

   24 methodBodyItems: methodBodyItems varDecl •

    $default  reduce using rule 24 (methodBodyItems)


State 55

   23 methodBodyItems: methodBodyItems statement •

    $default  reduce using rule 23 (methodBodyItems)


State 56

   35 statement: methodInvocation • SEMICOLON
   85 primary: methodInvocation •

    SEMICOLON  shift, and go to state 95

    SEMICOLON  [reduce using rule 85 (primary)]
    $default   reduce using rule 85 (primary)


State 57

   36 statement: assignmentExpr • SEMICOLON

    SEMICOLON  shift, and go to state 96


State 58

   37 statement: parseArgs • SEMICOLON
   86 primary: parseArgs •

    SEMICOLON  shift, and go to state 97

    SEMICOLON  [reduce using rule 86 (primary)]
    $default   reduce using rule 86 (primary)


State 59

   51 assignmentExpr: orExpr •
   55 orExpr: orExpr • OR andExpr

    OR  shift, and go to state 98

    $default  reduce using rule 51 (assignmentExpr)


State 60

   56 orExpr: andExpr •
   57 andExpr: andExpr • AND xorExpr

    AND  shift, and go to state 99

    $default  reduce using rule 56 (orExpr)


State 61

   58 andExpr: xorExpr •
   59 xorExpr: xorExpr • XOR eqExpr

    XOR  shift, and go to state 100

    $default  reduce using rule 58 (andExpr)


State 62

   60 xorExpr: eqExpr •
   61 eqExpr: eqExpr • EQ relExpr
   62       | eqExpr • NE relExpr

    EQ  shift, and go to state 101
    NE  shift, and go to state 102

    $default  reduce using rule 60 (xorExpr)


State 63

   63 eqExpr: relExpr •
   64 relExpr: relExpr • LT shiftExpr
   65        | relExpr • LE shiftExpr
   66        | relExpr • GT shiftExpr
   67        | relExpr • GE shiftExpr

    LT  shift, and go to state 103
    LE  shift, and go to state 104
    GT  shift, and go to state 105
    GE  shift, and go to state 106

    $default  reduce using rule 63 (eqExpr)


State 64

   68 relExpr: shiftExpr •
   69 shiftExpr: shiftExpr • LSHIFT addExpr
   70          | shiftExpr • RSHIFT addExpr

    LSHIFT  shift, and go to state 107
    RSHIFT  shift, and go to state 108

    $default  reduce using rule 68 (relExpr)


State 65

   71 shiftExpr: addExpr •
   72 addExpr: addExpr • PLUS mulExpr
   73        | addExpr • MINUS mulExpr

    PLUS   shift, and go to state 109
    MINUS  shift, and go to state 110

    $default  reduce using rule 71 (shiftExpr)


State 66

   74 addExpr: mulExpr •
   75 mulExpr: mulExpr • STAR unaryExpr
   76        | mulExpr • DIV unaryExpr
   77        | mulExpr • MOD unaryExpr

    STAR  shift, and go to state 111
    DIV   shift, and go to state 112
    MOD   shift, and go to state 113

    $default  reduce using rule 74 (addExpr)


State 67

   78 mulExpr: unaryExpr •

    $default  reduce using rule 78 (mulExpr)


State 68

   82 unaryExpr: primary •

    $default  reduce using rule 82 (unaryExpr)


State 69

   18 formalParams: STRING LSQ • RSQ IDENTIFIER

    RSQ  shift, and go to state 114


State 70

   17 formalParams: type IDENTIFIER • formalParamsList

    $default  reduce using rule 21 (formalParamsList)

    formalParamsList  go to state 115


State 71

   16 methodHeader: VOID IDENTIFIER LPAR formalParams RPAR •

    $default  reduce using rule 16 (methodHeader)


State 72

   15 methodHeader: type IDENTIFIER LPAR formalParams RPAR •

    $default  reduce using rule 15 (methodHeader)


State 73

    5 fieldDeclarations: fieldDeclarations COMMA IDENTIFIER •

    $default  reduce using rule 5 (fieldDeclarations)


State 74

   41 statement: error SEMICOLON •

    $default  reduce using rule 41 (statement)


State 75

   88 primary: IDENTIFIER DOTLENGTH •

    $default  reduce using rule 88 (primary)


State 76

   50 assignmentExpr: IDENTIFIER ASSIGN • assignmentExpr

    IDENTIFIER  shift, and go to state 37
    NATURAL     shift, and go to state 38
    DECIMAL     shift, and go to state 39
    BOOLLIT     shift, and go to state 40
    PARSEINT    shift, and go to state 45
    PLUS        shift, and go to state 46
    MINUS       shift, and go to state 47
    NOT         shift, and go to state 48
    LPAR        shift, and go to state 52

    methodInvocation  go to state 79
    assignmentExpr    go to state 116
    parseArgs         go to state 81
    orExpr            go to state 59
    andExpr           go to state 60
    xorExpr           go to state 61
    eqExpr            go to state 62
    relExpr           go to state 63
    shiftExpr         go to state 64
    addExpr           go to state 65
    mulExpr           go to state 66
    unaryExpr         go to state 67
    primary           go to state 68


State 77

   44 methodInvocation: IDENTIFIER LPAR • arguments RPAR
   45                 | IDENTIFIER LPAR • error RPAR

    error       shift, and go to state 117
    IDENTIFIER  shift, and go to state 37
    NATURAL     shift, and go to state 38
    DECIMAL     shift, and go to state 39
    BOOLLIT     shift, and go to state 40
    PARSEINT    shift, and go to state 45
    PLUS        shift, and go to state 46
    MINUS       shift, and go to state 47
    NOT         shift, and go to state 48
    LPAR        shift, and go to state 52

    RPAR  reduce using rule 47 (arguments)

    methodInvocation  go to state 79
    arguments         go to state 118
    exprList          go to state 119
    assignmentExpr    go to state 80
    parseArgs         go to state 81
    expr              go to state 120
    orExpr            go to state 59
    andExpr           go to state 60
    xorExpr           go to state 61
    eqExpr            go to state 62
    relExpr           go to state 63
    shiftExpr         go to state 64
    addExpr           go to state 65
    mulExpr           go to state 66
    unaryExpr         go to state 67
    primary           go to state 68


State 78

   33 statement: RETURN SEMICOLON •

    $default  reduce using rule 33 (statement)


State 79

   85 primary: methodInvocation •

    $default  reduce using rule 85 (primary)


State 80

   54 expr: assignmentExpr •

    $default  reduce using rule 54 (expr)


State 81

   86 primary: parseArgs •

    $default  reduce using rule 86 (primary)


State 82

   34 statement: RETURN expr • SEMICOLON

    SEMICOLON  shift, and go to state 121


State 83

   30 statement: IF LPAR • expr RPAR statement
   31          | IF LPAR • expr RPAR statement ELSE statement

    IDENTIFIER  shift, and go to state 37
    NATURAL     shift, and go to state 38
    DECIMAL     shift, and go to state 39
    BOOLLIT     shift, and go to state 40
    PARSEINT    shift, and go to state 45
    PLUS        shift, and go to state 46
    MINUS       shift, and go to state 47
    NOT         shift, and go to state 48
    LPAR        shift, and go to state 52

    methodInvocation  go to state 79
    assignmentExpr    go to state 80
    parseArgs         go to state 81
    expr              go to state 122
    orExpr            go to state 59
    andExpr           go to state 60
    xorExpr           go to state 61
    eqExpr            go to state 62
    relExpr           go to state 63
    shiftExpr         go to state 64
    addExpr           go to state 65
    mulExpr           go to state 66
    unaryExpr         go to state 67
    primary           go to state 68


State 84

   32 statement: WHILE LPAR • expr RPAR statement

    IDENTIFIER  shift, and go to state 37
    NATURAL     shift, and go to state 38
    DECIMAL     shift, and go to state 39
    BOOLLIT     shift, and go to state 40
    PARSEINT    shift, and go to state 45
    PLUS        shift, and go to state 46
    MINUS       shift, and go to state 47
    NOT         shift, and go to state 48
    LPAR        shift, and go to state 52

    methodInvocation  go to state 79
    assignmentExpr    go to state 80
    parseArgs         go to state 81
    expr              go to state 123
    orExpr            go to state 59
    andExpr           go to state 60
    xorExpr           go to state 61
    eqExpr            go to state 62
    relExpr           go to state 63
    shiftExpr         go to state 64
    addExpr           go to state 65
    mulExpr           go to state 66
    unaryExpr         go to state 67
    primary           go to state 68


State 85

   38 statement: PRINT LPAR • expr RPAR SEMICOLON
   39          | PRINT LPAR • STRLIT RPAR SEMICOLON

    IDENTIFIER  shift, and go to state 37
    NATURAL     shift, and go to state 38
    DECIMAL     shift, and go to state 39
    STRLIT      shift, and go to state 124
    BOOLLIT     shift, and go to state 40
    PARSEINT    shift, and go to state 45
    PLUS        shift, and go to state 46
    MINUS       shift, and go to state 47
    NOT         shift, and go to state 48
    LPAR        shift, and go to state 52

    methodInvocation  go to state 79
    assignmentExpr    go to state 80
    parseArgs         go to state 81
    expr              go to state 125
    orExpr            go to state 59
    andExpr           go to state 60
    xorExpr           go to state 61
    eqExpr            go to state 62
    relExpr           go to state 63
    shiftExpr         go to state 64
    addExpr           go to state 65
    mulExpr           go to state 66
    unaryExpr         go to state 67
    primary           go to state 68


State 86

   52 parseArgs: PARSEINT LPAR • IDENTIFIER LSQ expr RSQ RPAR
   53          | PARSEINT LPAR • error RPAR

    error       shift, and go to state 126
    IDENTIFIER  shift, and go to state 127


State 87

   44 methodInvocation: IDENTIFIER • LPAR arguments RPAR
   45                 | IDENTIFIER • LPAR error RPAR
   87 primary: IDENTIFIER •
   88        | IDENTIFIER • DOTLENGTH

    DOTLENGTH  shift, and go to state 75
    LPAR       shift, and go to state 77

    $default  reduce using rule 87 (primary)


State 88

   81 unaryExpr: PLUS unaryExpr •

    $default  reduce using rule 81 (unaryExpr)


State 89

   80 unaryExpr: MINUS unaryExpr •

    $default  reduce using rule 80 (unaryExpr)


State 90

   79 unaryExpr: NOT unaryExpr •

    $default  reduce using rule 79 (unaryExpr)


State 91

   29 statement: LBRACE statementList • RBRACE
   42 statementList: statementList • statement

    error       shift, and go to state 36
    IDENTIFIER  shift, and go to state 37
    NATURAL     shift, and go to state 38
    DECIMAL     shift, and go to state 39
    BOOLLIT     shift, and go to state 40
    RETURN      shift, and go to state 41
    IF          shift, and go to state 42
    WHILE       shift, and go to state 43
    PRINT       shift, and go to state 44
    PARSEINT    shift, and go to state 45
    PLUS        shift, and go to state 46
    MINUS       shift, and go to state 47
    NOT         shift, and go to state 48
    SEMICOLON   shift, and go to state 49
    LBRACE      shift, and go to state 50
    RBRACE      shift, and go to state 128
    LPAR        shift, and go to state 52

    statement         go to state 129
    methodInvocation  go to state 56
    assignmentExpr    go to state 57
    parseArgs         go to state 58
    orExpr            go to state 59
    andExpr           go to state 60
    xorExpr           go to state 61
    eqExpr            go to state 62
    relExpr           go to state 63
    shiftExpr         go to state 64
    addExpr           go to state 65
    mulExpr           go to state 66
    unaryExpr         go to state 67
    primary           go to state 68


State 92

   84 primary: LPAR error • RPAR

    RPAR  shift, and go to state 130


State 93

   83 primary: LPAR expr • RPAR

    RPAR  shift, and go to state 131


State 94

   26 varDecl: type IDENTIFIER • idList SEMICOLON

    $default  reduce using rule 28 (idList)

    idList  go to state 132


State 95

   35 statement: methodInvocation SEMICOLON •

    $default  reduce using rule 35 (statement)


State 96

   36 statement: assignmentExpr SEMICOLON •

    $default  reduce using rule 36 (statement)


State 97

   37 statement: parseArgs SEMICOLON •

    $default  reduce using rule 37 (statement)


State 98

   55 orExpr: orExpr OR • andExpr

    IDENTIFIER  shift, and go to state 87
    NATURAL     shift, and go to state 38
    DECIMAL     shift, and go to state 39
    BOOLLIT     shift, and go to state 40
    PARSEINT    shift, and go to state 45
    PLUS        shift, and go to state 46
    MINUS       shift, and go to state 47
    NOT         shift, and go to state 48
    LPAR        shift, and go to state 52

    methodInvocation  go to state 79
    parseArgs         go to state 81
    andExpr           go to state 133
    xorExpr           go to state 61
    eqExpr            go to state 62
    relExpr           go to state 63
    shiftExpr         go to state 64
    addExpr           go to state 65
    mulExpr           go to state 66
    unaryExpr         go to state 67
    primary           go to state 68


State 99

   57 andExpr: andExpr AND • xorExpr

    IDENTIFIER  shift, and go to state 87
    NATURAL     shift, and go to state 38
    DECIMAL     shift, and go to state 39
    BOOLLIT     shift, and go to state 40
    PARSEINT    shift, and go to state 45
    PLUS        shift, and go to state 46
    MINUS       shift, and go to state 47
    NOT         shift, and go to state 48
    LPAR        shift, and go to state 52

    methodInvocation  go to state 79
    parseArgs         go to state 81
    xorExpr           go to state 134
    eqExpr            go to state 62
    relExpr           go to state 63
    shiftExpr         go to state 64
    addExpr           go to state 65
    mulExpr           go to state 66
    unaryExpr         go to state 67
    primary           go to state 68


State 100

   59 xorExpr: xorExpr XOR • eqExpr

    IDENTIFIER  shift, and go to state 87
    NATURAL     shift, and go to state 38
    DECIMAL     shift, and go to state 39
    BOOLLIT     shift, and go to state 40
    PARSEINT    shift, and go to state 45
    PLUS        shift, and go to state 46
    MINUS       shift, and go to state 47
    NOT         shift, and go to state 48
    LPAR        shift, and go to state 52

    methodInvocation  go to state 79
    parseArgs         go to state 81
    eqExpr            go to state 135
    relExpr           go to state 63
    shiftExpr         go to state 64
    addExpr           go to state 65
    mulExpr           go to state 66
    unaryExpr         go to state 67
    primary           go to state 68


State 101

   61 eqExpr: eqExpr EQ • relExpr

    IDENTIFIER  shift, and go to state 87
    NATURAL     shift, and go to state 38
    DECIMAL     shift, and go to state 39
    BOOLLIT     shift, and go to state 40
    PARSEINT    shift, and go to state 45
    PLUS        shift, and go to state 46
    MINUS       shift, and go to state 47
    NOT         shift, and go to state 48
    LPAR        shift, and go to state 52

    methodInvocation  go to state 79
    parseArgs         go to state 81
    relExpr           go to state 136
    shiftExpr         go to state 64
    addExpr           go to state 65
    mulExpr           go to state 66
    unaryExpr         go to state 67
    primary           go to state 68


State 102

   62 eqExpr: eqExpr NE • relExpr

    IDENTIFIER  shift, and go to state 87
    NATURAL     shift, and go to state 38
    DECIMAL     shift, and go to state 39
    BOOLLIT     shift, and go to state 40
    PARSEINT    shift, and go to state 45
    PLUS        shift, and go to state 46
    MINUS       shift, and go to state 47
    NOT         shift, and go to state 48
    LPAR        shift, and go to state 52

    methodInvocation  go to state 79
    parseArgs         go to state 81
    relExpr           go to state 137
    shiftExpr         go to state 64
    addExpr           go to state 65
    mulExpr           go to state 66
    unaryExpr         go to state 67
    primary           go to state 68


State 103

   64 relExpr: relExpr LT • shiftExpr

    IDENTIFIER  shift, and go to state 87
    NATURAL     shift, and go to state 38
    DECIMAL     shift, and go to state 39
    BOOLLIT     shift, and go to state 40
    PARSEINT    shift, and go to state 45
    PLUS        shift, and go to state 46
    MINUS       shift, and go to state 47
    NOT         shift, and go to state 48
    LPAR        shift, and go to state 52

    methodInvocation  go to state 79
    parseArgs         go to state 81
    shiftExpr         go to state 138
    addExpr           go to state 65
    mulExpr           go to state 66
    unaryExpr         go to state 67
    primary           go to state 68


State 104

   65 relExpr: relExpr LE • shiftExpr

    IDENTIFIER  shift, and go to state 87
    NATURAL     shift, and go to state 38
    DECIMAL     shift, and go to state 39
    BOOLLIT     shift, and go to state 40
    PARSEINT    shift, and go to state 45
    PLUS        shift, and go to state 46
    MINUS       shift, and go to state 47
    NOT         shift, and go to state 48
    LPAR        shift, and go to state 52

    methodInvocation  go to state 79
    parseArgs         go to state 81
    shiftExpr         go to state 139
    addExpr           go to state 65
    mulExpr           go to state 66
    unaryExpr         go to state 67
    primary           go to state 68


State 105

   66 relExpr: relExpr GT • shiftExpr

    IDENTIFIER  shift, and go to state 87
    NATURAL     shift, and go to state 38
    DECIMAL     shift, and go to state 39
    BOOLLIT     shift, and go to state 40
    PARSEINT    shift, and go to state 45
    PLUS        shift, and go to state 46
    MINUS       shift, and go to state 47
    NOT         shift, and go to state 48
    LPAR        shift, and go to state 52

    methodInvocation  go to state 79
    parseArgs         go to state 81
    shiftExpr         go to state 140
    addExpr           go to state 65
    mulExpr           go to state 66
    unaryExpr         go to state 67
    primary           go to state 68


State 106

   67 relExpr: relExpr GE • shiftExpr

    IDENTIFIER  shift, and go to state 87
    NATURAL     shift, and go to state 38
    DECIMAL     shift, and go to state 39
    BOOLLIT     shift, and go to state 40
    PARSEINT    shift, and go to state 45
    PLUS        shift, and go to state 46
    MINUS       shift, and go to state 47
    NOT         shift, and go to state 48
    LPAR        shift, and go to state 52

    methodInvocation  go to state 79
    parseArgs         go to state 81
    shiftExpr         go to state 141
    addExpr           go to state 65
    mulExpr           go to state 66
    unaryExpr         go to state 67
    primary           go to state 68


State 107

   69 shiftExpr: shiftExpr LSHIFT • addExpr

    IDENTIFIER  shift, and go to state 87
    NATURAL     shift, and go to state 38
    DECIMAL     shift, and go to state 39
    BOOLLIT     shift, and go to state 40
    PARSEINT    shift, and go to state 45
    PLUS        shift, and go to state 46
    MINUS       shift, and go to state 47
    NOT         shift, and go to state 48
    LPAR        shift, and go to state 52

    methodInvocation  go to state 79
    parseArgs         go to state 81
    addExpr           go to state 142
    mulExpr           go to state 66
    unaryExpr         go to state 67
    primary           go to state 68


State 108

   70 shiftExpr: shiftExpr RSHIFT • addExpr

    IDENTIFIER  shift, and go to state 87
    NATURAL     shift, and go to state 38
    DECIMAL     shift, and go to state 39
    BOOLLIT     shift, and go to state 40
    PARSEINT    shift, and go to state 45
    PLUS        shift, and go to state 46
    MINUS       shift, and go to state 47
    NOT         shift, and go to state 48
    LPAR        shift, and go to state 52

    methodInvocation  go to state 79
    parseArgs         go to state 81
    addExpr           go to state 143
    mulExpr           go to state 66
    unaryExpr         go to state 67
    primary           go to state 68


State 109

   72 addExpr: addExpr PLUS • mulExpr

    IDENTIFIER  shift, and go to state 87
    NATURAL     shift, and go to state 38
    DECIMAL     shift, and go to state 39
    BOOLLIT     shift, and go to state 40
    PARSEINT    shift, and go to state 45
    PLUS        shift, and go to state 46
    MINUS       shift, and go to state 47
    NOT         shift, and go to state 48
    LPAR        shift, and go to state 52

    methodInvocation  go to state 79
    parseArgs         go to state 81
    mulExpr           go to state 144
    unaryExpr         go to state 67
    primary           go to state 68


State 110

   73 addExpr: addExpr MINUS • mulExpr

    IDENTIFIER  shift, and go to state 87
    NATURAL     shift, and go to state 38
    DECIMAL     shift, and go to state 39
    BOOLLIT     shift, and go to state 40
    PARSEINT    shift, and go to state 45
    PLUS        shift, and go to state 46
    MINUS       shift, and go to state 47
    NOT         shift, and go to state 48
    LPAR        shift, and go to state 52

    methodInvocation  go to state 79
    parseArgs         go to state 81
    mulExpr           go to state 145
    unaryExpr         go to state 67
    primary           go to state 68


State 111

   75 mulExpr: mulExpr STAR • unaryExpr

    IDENTIFIER  shift, and go to state 87
    NATURAL     shift, and go to state 38
    DECIMAL     shift, and go to state 39
    BOOLLIT     shift, and go to state 40
    PARSEINT    shift, and go to state 45
    PLUS        shift, and go to state 46
    MINUS       shift, and go to state 47
    NOT         shift, and go to state 48
    LPAR        shift, and go to state 52

    methodInvocation  go to state 79
    parseArgs         go to state 81
    unaryExpr         go to state 146
    primary           go to state 68


State 112

   76 mulExpr: mulExpr DIV • unaryExpr

    IDENTIFIER  shift, and go to state 87
    NATURAL     shift, and go to state 38
    DECIMAL     shift, and go to state 39
    BOOLLIT     shift, and go to state 40
    PARSEINT    shift, and go to state 45
    PLUS        shift, and go to state 46
    MINUS       shift, and go to state 47
    NOT         shift, and go to state 48
    LPAR        shift, and go to state 52

    methodInvocation  go to state 79
    parseArgs         go to state 81
    unaryExpr         go to state 147
    primary           go to state 68


State 113

   77 mulExpr: mulExpr MOD • unaryExpr

    IDENTIFIER  shift, and go to state 87
    NATURAL     shift, and go to state 38
    DECIMAL     shift, and go to state 39
    BOOLLIT     shift, and go to state 40
    PARSEINT    shift, and go to state 45
    PLUS        shift, and go to state 46
    MINUS       shift, and go to state 47
    NOT         shift, and go to state 48
    LPAR        shift, and go to state 52

    methodInvocation  go to state 79
    parseArgs         go to state 81
    unaryExpr         go to state 148
    primary           go to state 68


State 114

   18 formalParams: STRING LSQ RSQ • IDENTIFIER

    IDENTIFIER  shift, and go to state 149


State 115

   17 formalParams: type IDENTIFIER formalParamsList •
   20 formalParamsList: formalParamsList • COMMA type IDENTIFIER

    COMMA  shift, and go to state 150

    $default  reduce using rule 17 (formalParams)


State 116

   50 assignmentExpr: IDENTIFIER ASSIGN assignmentExpr •

    $default  reduce using rule 50 (assignmentExpr)


State 117

   45 methodInvocation: IDENTIFIER LPAR error • RPAR

    RPAR  shift, and go to state 151


State 118

   44 methodInvocation: IDENTIFIER LPAR arguments • RPAR

    RPAR  shift, and go to state 152


State 119

   46 arguments: exprList •
   49 exprList: exprList • COMMA expr

    COMMA  shift, and go to state 153

    $default  reduce using rule 46 (arguments)


State 120

   48 exprList: expr •

    $default  reduce using rule 48 (exprList)


State 121

   34 statement: RETURN expr SEMICOLON •

    $default  reduce using rule 34 (statement)


State 122

   30 statement: IF LPAR expr • RPAR statement
   31          | IF LPAR expr • RPAR statement ELSE statement

    RPAR  shift, and go to state 154


State 123

   32 statement: WHILE LPAR expr • RPAR statement

    RPAR  shift, and go to state 155


State 124

   39 statement: PRINT LPAR STRLIT • RPAR SEMICOLON

    RPAR  shift, and go to state 156


State 125

   38 statement: PRINT LPAR expr • RPAR SEMICOLON

    RPAR  shift, and go to state 157


State 126

   53 parseArgs: PARSEINT LPAR error • RPAR

    RPAR  shift, and go to state 158


State 127

   52 parseArgs: PARSEINT LPAR IDENTIFIER • LSQ expr RSQ RPAR

    LSQ  shift, and go to state 159


State 128

   29 statement: LBRACE statementList RBRACE •

    $default  reduce using rule 29 (statement)


State 129

   42 statementList: statementList statement •

    $default  reduce using rule 42 (statementList)


State 130

   84 primary: LPAR error RPAR •

    $default  reduce using rule 84 (primary)


State 131

   83 primary: LPAR expr RPAR •

    $default  reduce using rule 83 (primary)


State 132

   26 varDecl: type IDENTIFIER idList • SEMICOLON
   27 idList: idList • COMMA IDENTIFIER

    COMMA      shift, and go to state 160
    SEMICOLON  shift, and go to state 161


State 133

   55 orExpr: orExpr OR andExpr •
   57 andExpr: andExpr • AND xorExpr

    AND  shift, and go to state 99

    $default  reduce using rule 55 (orExpr)


State 134

   57 andExpr: andExpr AND xorExpr •
   59 xorExpr: xorExpr • XOR eqExpr

    XOR  shift, and go to state 100

    $default  reduce using rule 57 (andExpr)


State 135

   59 xorExpr: xorExpr XOR eqExpr •
   61 eqExpr: eqExpr • EQ relExpr
   62       | eqExpr • NE relExpr

    EQ  shift, and go to state 101
    NE  shift, and go to state 102

    $default  reduce using rule 59 (xorExpr)


State 136

   61 eqExpr: eqExpr EQ relExpr •
   64 relExpr: relExpr • LT shiftExpr
   65        | relExpr • LE shiftExpr
   66        | relExpr • GT shiftExpr
   67        | relExpr • GE shiftExpr

    LT  shift, and go to state 103
    LE  shift, and go to state 104
    GT  shift, and go to state 105
    GE  shift, and go to state 106

    $default  reduce using rule 61 (eqExpr)


State 137

   62 eqExpr: eqExpr NE relExpr •
   64 relExpr: relExpr • LT shiftExpr
   65        | relExpr • LE shiftExpr
   66        | relExpr • GT shiftExpr
   67        | relExpr • GE shiftExpr

    LT  shift, and go to state 103
    LE  shift, and go to state 104
    GT  shift, and go to state 105
    GE  shift, and go to state 106

    $default  reduce using rule 62 (eqExpr)


State 138

   64 relExpr: relExpr LT shiftExpr •
   69 shiftExpr: shiftExpr • LSHIFT addExpr
   70          | shiftExpr • RSHIFT addExpr

    LSHIFT  shift, and go to state 107
    RSHIFT  shift, and go to state 108

    $default  reduce using rule 64 (relExpr)


State 139

   65 relExpr: relExpr LE shiftExpr •
   69 shiftExpr: shiftExpr • LSHIFT addExpr
   70          | shiftExpr • RSHIFT addExpr

    LSHIFT  shift, and go to state 107
    RSHIFT  shift, and go to state 108

    $default  reduce using rule 65 (relExpr)


State 140

   66 relExpr: relExpr GT shiftExpr •
   69 shiftExpr: shiftExpr • LSHIFT addExpr
   70          | shiftExpr • RSHIFT addExpr

    LSHIFT  shift, and go to state 107
    RSHIFT  shift, and go to state 108

    $default  reduce using rule 66 (relExpr)


State 141

   67 relExpr: relExpr GE shiftExpr •
   69 shiftExpr: shiftExpr • LSHIFT addExpr
   70          | shiftExpr • RSHIFT addExpr

    LSHIFT  shift, and go to state 107
    RSHIFT  shift, and go to state 108

    $default  reduce using rule 67 (relExpr)


State 142

   69 shiftExpr: shiftExpr LSHIFT addExpr •
   72 addExpr: addExpr • PLUS mulExpr
   73        | addExpr • MINUS mulExpr

    PLUS   shift, and go to state 109
    MINUS  shift, and go to state 110

    $default  reduce using rule 69 (shiftExpr)


State 143

   70 shiftExpr: shiftExpr RSHIFT addExpr •
   72 addExpr: addExpr • PLUS mulExpr
   73        | addExpr • MINUS mulExpr

    PLUS   shift, and go to state 109
    MINUS  shift, and go to state 110

    $default  reduce using rule 70 (shiftExpr)


State 144

   72 addExpr: addExpr PLUS mulExpr •
   75 mulExpr: mulExpr • STAR unaryExpr
   76        | mulExpr • DIV unaryExpr
   77        | mulExpr • MOD unaryExpr

    STAR  shift, and go to state 111
    DIV   shift, and go to state 112
    MOD   shift, and go to state 113

    $default  reduce using rule 72 (addExpr)


State 145

   73 addExpr: addExpr MINUS mulExpr •
   75 mulExpr: mulExpr • STAR unaryExpr
   76        | mulExpr • DIV unaryExpr
   77        | mulExpr • MOD unaryExpr

    STAR  shift, and go to state 111
    DIV   shift, and go to state 112
    MOD   shift, and go to state 113

    $default  reduce using rule 73 (addExpr)


State 146

   75 mulExpr: mulExpr STAR unaryExpr •

    $default  reduce using rule 75 (mulExpr)


State 147

   76 mulExpr: mulExpr DIV unaryExpr •

    $default  reduce using rule 76 (mulExpr)


State 148

   77 mulExpr: mulExpr MOD unaryExpr •

    $default  reduce using rule 77 (mulExpr)


State 149

   18 formalParams: STRING LSQ RSQ IDENTIFIER •

    $default  reduce using rule 18 (formalParams)


State 150

   20 formalParamsList: formalParamsList COMMA • type IDENTIFIER

    BOOL    shift, and go to state 16
    INT     shift, and go to state 17
    DOUBLE  shift, and go to state 18

    type  go to state 162


State 151

   45 methodInvocation: IDENTIFIER LPAR error RPAR •

    $default  reduce using rule 45 (methodInvocation)


State 152

   44 methodInvocation: IDENTIFIER LPAR arguments RPAR •

    $default  reduce using rule 44 (methodInvocation)


State 153

   49 exprList: exprList COMMA • expr

    IDENTIFIER  shift, and go to state 37
    NATURAL     shift, and go to state 38
    DECIMAL     shift, and go to state 39
    BOOLLIT     shift, and go to state 40
    PARSEINT    shift, and go to state 45
    PLUS        shift, and go to state 46
    MINUS       shift, and go to state 47
    NOT         shift, and go to state 48
    LPAR        shift, and go to state 52

    methodInvocation  go to state 79
    assignmentExpr    go to state 80
    parseArgs         go to state 81
    expr              go to state 163
    orExpr            go to state 59
    andExpr           go to state 60
    xorExpr           go to state 61
    eqExpr            go to state 62
    relExpr           go to state 63
    shiftExpr         go to state 64
    addExpr           go to state 65
    mulExpr           go to state 66
    unaryExpr         go to state 67
    primary           go to state 68


State 154

   30 statement: IF LPAR expr RPAR • statement
   31          | IF LPAR expr RPAR • statement ELSE statement

    error       shift, and go to state 36
    IDENTIFIER  shift, and go to state 37
    NATURAL     shift, and go to state 38
    DECIMAL     shift, and go to state 39
    BOOLLIT     shift, and go to state 40
    RETURN      shift, and go to state 41
    IF          shift, and go to state 42
    WHILE       shift, and go to state 43
    PRINT       shift, and go to state 44
    PARSEINT    shift, and go to state 45
    PLUS        shift, and go to state 46
    MINUS       shift, and go to state 47
    NOT         shift, and go to state 48
    SEMICOLON   shift, and go to state 49
    LBRACE      shift, and go to state 50
    LPAR        shift, and go to state 52

    statement         go to state 164
    methodInvocation  go to state 56
    assignmentExpr    go to state 57
    parseArgs         go to state 58
    orExpr            go to state 59
    andExpr           go to state 60
    xorExpr           go to state 61
    eqExpr            go to state 62
    relExpr           go to state 63
    shiftExpr         go to state 64
    addExpr           go to state 65
    mulExpr           go to state 66
    unaryExpr         go to state 67
    primary           go to state 68


State 155

   32 statement: WHILE LPAR expr RPAR • statement

    error       shift, and go to state 36
    IDENTIFIER  shift, and go to state 37
    NATURAL     shift, and go to state 38
    DECIMAL     shift, and go to state 39
    BOOLLIT     shift, and go to state 40
    RETURN      shift, and go to state 41
    IF          shift, and go to state 42
    WHILE       shift, and go to state 43
    PRINT       shift, and go to state 44
    PARSEINT    shift, and go to state 45
    PLUS        shift, and go to state 46
    MINUS       shift, and go to state 47
    NOT         shift, and go to state 48
    SEMICOLON   shift, and go to state 49
    LBRACE      shift, and go to state 50
    LPAR        shift, and go to state 52

    statement         go to state 165
    methodInvocation  go to state 56
    assignmentExpr    go to state 57
    parseArgs         go to state 58
    orExpr            go to state 59
    andExpr           go to state 60
    xorExpr           go to state 61
    eqExpr            go to state 62
    relExpr           go to state 63
    shiftExpr         go to state 64
    addExpr           go to state 65
    mulExpr           go to state 66
    unaryExpr         go to state 67
    primary           go to state 68


State 156

   39 statement: PRINT LPAR STRLIT RPAR • SEMICOLON

    SEMICOLON  shift, and go to state 166


State 157

   38 statement: PRINT LPAR expr RPAR • SEMICOLON

    SEMICOLON  shift, and go to state 167


State 158

   53 parseArgs: PARSEINT LPAR error RPAR •

    $default  reduce using rule 53 (parseArgs)


State 159

   52 parseArgs: PARSEINT LPAR IDENTIFIER LSQ • expr RSQ RPAR

    IDENTIFIER  shift, and go to state 37
    NATURAL     shift, and go to state 38
    DECIMAL     shift, and go to state 39
    BOOLLIT     shift, and go to state 40
    PARSEINT    shift, and go to state 45
    PLUS        shift, and go to state 46
    MINUS       shift, and go to state 47
    NOT         shift, and go to state 48
    LPAR        shift, and go to state 52

    methodInvocation  go to state 79
    assignmentExpr    go to state 80
    parseArgs         go to state 81
    expr              go to state 168
    orExpr            go to state 59
    andExpr           go to state 60
    xorExpr           go to state 61
    eqExpr            go to state 62
    relExpr           go to state 63
    shiftExpr         go to state 64
    addExpr           go to state 65
    mulExpr           go to state 66
    unaryExpr         go to state 67
    primary           go to state 68


State 160

   27 idList: idList COMMA • IDENTIFIER

    IDENTIFIER  shift, and go to state 169


State 161

   26 varDecl: type IDENTIFIER idList SEMICOLON •

    $default  reduce using rule 26 (varDecl)


State 162

   20 formalParamsList: formalParamsList COMMA type • IDENTIFIER

    IDENTIFIER  shift, and go to state 170


State 163

   49 exprList: exprList COMMA expr •

    $default  reduce using rule 49 (exprList)


State 164

   30 statement: IF LPAR expr RPAR statement •
   31          | IF LPAR expr RPAR statement • ELSE statement

    ELSE  shift, and go to state 171

    $default  reduce using rule 30 (statement)


State 165

   32 statement: WHILE LPAR expr RPAR statement •

    $default  reduce using rule 32 (statement)


State 166

   39 statement: PRINT LPAR STRLIT RPAR SEMICOLON •

    $default  reduce using rule 39 (statement)


State 167

   38 statement: PRINT LPAR expr RPAR SEMICOLON •

    $default  reduce using rule 38 (statement)


State 168

   52 parseArgs: PARSEINT LPAR IDENTIFIER LSQ expr • RSQ RPAR

    RSQ  shift, and go to state 172


State 169

   27 idList: idList COMMA IDENTIFIER •

    $default  reduce using rule 27 (idList)


State 170

   20 formalParamsList: formalParamsList COMMA type IDENTIFIER •

    $default  reduce using rule 20 (formalParamsList)


State 171

   31 statement: IF LPAR expr RPAR statement ELSE • statement

    error       shift, and go to state 36
    IDENTIFIER  shift, and go to state 37
    NATURAL     shift, and go to state 38
    DECIMAL     shift, and go to state 39
    BOOLLIT     shift, and go to state 40
    RETURN      shift, and go to state 41
    IF          shift, and go to state 42
    WHILE       shift, and go to state 43
    PRINT       shift, and go to state 44
    PARSEINT    shift, and go to state 45
    PLUS        shift, and go to state 46
    MINUS       shift, and go to state 47
    NOT         shift, and go to state 48
    SEMICOLON   shift, and go to state 49
    LBRACE      shift, and go to state 50
    LPAR        shift, and go to state 52

    statement         go to state 173
    methodInvocation  go to state 56
    assignmentExpr    go to state 57
    parseArgs         go to state 58
    orExpr            go to state 59
    andExpr           go to state 60
    xorExpr           go to state 61
    eqExpr            go to state 62
    relExpr           go to state 63
    shiftExpr         go to state 64
    addExpr           go to state 65
    mulExpr           go to state 66
    unaryExpr         go to state 67
    primary           go to state 68


State 172

   52 parseArgs: PARSEINT LPAR IDENTIFIER LSQ expr RSQ • RPAR

    RPAR  shift, and go to state 174


State 173

   31 statement: IF LPAR expr RPAR statement ELSE statement •

    $default  reduce using rule 31 (statement)


State 174

   52 parseArgs: PARSEINT LPAR IDENTIFIER LSQ expr RSQ RPAR •

    $default  reduce using rule 52 (parseArgs)
